// Jest Snapshot v1, https://goo.gl/fbAQLP

exports[`App tests should render App component 1`] = `
<div>
  <div
    class="backdrop-close"
  >
    <div
      class="modal-close"
    >
      <h3
        class="modal-title"
      />
      <h4
        class="modal-subtitle"
        style="color: rgb(204, 204, 204);"
      />
    </div>
  </div>
  <div
    class="search-container"
  >
    <header
      class="search-header"
    >
      <h1>
        Text Search
      </h1>
      <div
        class="search-input"
      >
        <input
          placeholder="Search..."
          type="text"
          value=""
        />
        <button
          disabled=""
        >
          search
        </button>
      </div>
    </header>
    <main
      class="search-list"
    >
      <h2>
        Text search list
      </h2>
      <div />
    </main>
    <div
      class="image-container"
    >
      <img
        alt="void"
        class="void-image"
        src="void.svg"
      />
    </div>
  </div>
</div>
`;
